ÔøΩxÔøΩxÔøΩxÔøΩxÔøΩxÔøΩxÔøΩxÔøΩxÔøΩxxÔøΩxÔøΩÔøΩÔøΩxÔøΩ…çÔøΩÔøΩ..ÔøΩESP-ROM:esp32s3-20210327
Build:Mar 27 2021
rst:0x1 (POWERON),boot:0x8 (SPI_FAST_FLASH_BOOT)
SPIWP:0xee
mode:DIO, clock div:1
load:0x3fce3820,len:0x1718
load:0x403c9700,len:0x4
load:0x403c9704,len:0xc08
load:0x403cc700,len:0x2f08
entry 0x403c990c
[0;32mI (27) boot: ESP-IDF v5.2-dev-1115-g3a45d4e949-dirty 2nd stage bootloader[0m
[0;32mI (27) boot: compile time Feb 13 2024 20:44:17[0m
[0;32mI (28) boot: Multicore bootloader[0m
[0;32mI (32) boot: chip revision: v0.2[0m
[0;32mI (36) boot.esp32s3: Boot SPI Speed : 80MHz[0m
[0;32mI (41) boot.esp32s3: SPI Mode       : DIO[0m
[0;32mI (45) boot.esp32s3: SPI Flash Size : 2MB[0m
[0;32mI (50) boot: Enabling RNG early entropy source...[0m
[0;32mI (56) boot: Partition Table:[0m
[0;32mI (59) boot: ## Label            Usage          Type ST Offset   Length[0m
[0;32mI (66) boot:  0 nvs              WiFi data        01 02 00009000 00006000[0m
[0;32mI (74) boot:  1 phy_init         RF data          01 01 0000f000 00001000[0m
[0;32mI (81) boot:  2 factory          factory app      00 00 00010000 00100000[0m
[0;32mI (89) boot: End of partition table[0m
[0;32mI (93) esp_image: segment 0: paddr=00010020 vaddr=3c020020 size=0b798h ( 47000) map[0m
[0;32mI (110) esp_image: segment 1: paddr=0001b7c0 vaddr=3fc93100 size=02958h ( 10584) load[0m
[0;32mI (113) esp_image: segment 2: paddr=0001e120 vaddr=40374000 size=01ef8h (  7928) load[0m
[0;32mI (120) esp_image: segment 3: paddr=00020020 vaddr=42000020 size=1a678h (108152) map[0m
[0;32mI (146) esp_image: segment 4: paddr=0003a6a0 vaddr=40375ef8 size=0d1f8h ( 53752) load[0m
[0;32mI (165) boot: Loaded app from partition at offset 0x10000[0m
[0;32mI (165) boot: Disabling RNG early entropy source...[0m
[0;32mI (176) cpu_start: Multicore app[0m
[0;32mI (176) cpu_start: Pro cpu up.[0m
[0;32mI (177) cpu_start: Starting app cpu, entry point is 0x40375294[0m
[0;32mI (0) cpu_start: App cpu up.[0m
[0;32mI (195) cpu_start: Pro cpu start user code[0m
[0;32mI (195) cpu_start: cpu freq: 160000000 Hz[0m
[0;32mI (195) cpu_start: Application information:[0m
[0;32mI (198) cpu_start: Project name:     spi_master[0m
[0;32mI (203) cpu_start: App version:      0754270-dirty[0m
[0;32mI (209) cpu_start: Compile time:     Feb 13 2024 20:44:10[0m
[0;32mI (215) cpu_start: ELF file SHA256:  6e040971d...[0m
[0;32mI (220) cpu_start: ESP-IDF:          v5.2-dev-1115-g3a45d4e949-dirty[0m
[0;32mI (227) cpu_start: Min chip rev:     v0.0[0m
[0;32mI (232) cpu_start: Max chip rev:     v0.99 [0m
[0;32mI (237) cpu_start: Chip rev:         v0.2[0m
[0;32mI (241) heap_init: Initializing. RAM available for dynamic allocation:[0m
[0;32mI (249) heap_init: At 3FC962C8 len 00053448 (333 KiB): DRAM[0m
[0;32mI (255) heap_init: At 3FCE9710 len 00005724 (21 KiB): STACK/DRAM[0m
[0;32mI (261) heap_init: At 3FCF0000 len 00008000 (32 KiB): DRAM[0m
[0;32mI (268) heap_init: At 600FE010 len 00001FD8 (7 KiB): RTCRAM[0m
[0;32mI (275) spi_flash: detected chip: gd[0m
[0;32mI (278) spi_flash: flash io: dio[0m
[0;33mW (282) spi_flash: Detected size(8192k) larger than the size in the binary image header(2048k). Using the size in the binary image header.[0m
[0;32mI (295) sleep: Configure to isolate all GPIO pins in sleep state[0m
[0;32mI (302) sleep: Enable automatic switching of GPIO sleep configuration[0m
[0;32mI (309) app_start: Starting scheduler on CPU0[0m
[0;32mI (314) app_start: Starting scheduler on CPU1[0m
[0;32mI (314) main_task: Started on CPU0[0m
[0;32mI (324) main_task: Calling app_main()[0m
-----------------------------
Bon matin
Initializing
[0;31mE (334) spi: Setting master mode[0m
Added device
0xCC
Joyeux dodo
